crypto_sign/ml-dsa-65/clean/poly.c:20:6:PQCLEAN_MLDSA65_CLEAN_poly_reduce	32	static
crypto_sign/ml-dsa-65/clean/poly.c:39:6:PQCLEAN_MLDSA65_CLEAN_poly_caddq	32	static
crypto_sign/ml-dsa-65/clean/poly.c:59:6:PQCLEAN_MLDSA65_CLEAN_poly_add	8	static
crypto_sign/ml-dsa-65/clean/poly.c:81:6:PQCLEAN_MLDSA65_CLEAN_poly_sub	8	static
crypto_sign/ml-dsa-65/clean/poly.c:100:6:PQCLEAN_MLDSA65_CLEAN_poly_shiftl	8	static
crypto_sign/ml-dsa-65/clean/poly.c:119:6:PQCLEAN_MLDSA65_CLEAN_poly_ntt	8	static
crypto_sign/ml-dsa-65/clean/poly.c:136:6:PQCLEAN_MLDSA65_CLEAN_poly_invntt_tomont	8	static
crypto_sign/ml-dsa-65/clean/poly.c:155:6:PQCLEAN_MLDSA65_CLEAN_poly_pointwise_montgomery	48	static
crypto_sign/ml-dsa-65/clean/poly.c:178:6:PQCLEAN_MLDSA65_CLEAN_poly_power2round	48	static
crypto_sign/ml-dsa-65/clean/poly.c:202:6:PQCLEAN_MLDSA65_CLEAN_poly_decompose	48	static
crypto_sign/ml-dsa-65/clean/poly.c:226:14:PQCLEAN_MLDSA65_CLEAN_poly_make_hint	48	static
crypto_sign/ml-dsa-65/clean/poly.c:248:6:PQCLEAN_MLDSA65_CLEAN_poly_use_hint	48	static
crypto_sign/ml-dsa-65/clean/poly.c:270:5:PQCLEAN_MLDSA65_CLEAN_poly_chknorm	8	static
crypto_sign/ml-dsa-65/clean/poly.c:347:6:PQCLEAN_MLDSA65_CLEAN_poly_uniform	944	static
crypto_sign/ml-dsa-65/clean/poly.c:424:6:PQCLEAN_MLDSA65_CLEAN_poly_uniform_eta	368	static
crypto_sign/ml-dsa-65/clean/poly.c:478:6:PQCLEAN_MLDSA65_CLEAN_poly_challenge	224	static
crypto_sign/ml-dsa-65/clean/poly.c:524:6:PQCLEAN_MLDSA65_CLEAN_polyeta_pack	8	static
crypto_sign/ml-dsa-65/clean/poly.c:546:6:PQCLEAN_MLDSA65_CLEAN_polyeta_unpack	8	static
crypto_sign/ml-dsa-65/clean/poly.c:570:6:PQCLEAN_MLDSA65_CLEAN_polyt1_pack	8	static
crypto_sign/ml-dsa-65/clean/poly.c:594:6:PQCLEAN_MLDSA65_CLEAN_polyt1_unpack	8	static
crypto_sign/ml-dsa-65/clean/poly.c:617:6:PQCLEAN_MLDSA65_CLEAN_polyt0_pack	56	static
crypto_sign/ml-dsa-65/clean/poly.c:665:6:PQCLEAN_MLDSA65_CLEAN_polyt0_unpack	40	static
crypto_sign/ml-dsa-65/clean/poly.c:729:6:PQCLEAN_MLDSA65_CLEAN_polyz_pack	1032	static
crypto_sign/ml-dsa-65/clean/poly.c:758:6:PQCLEAN_MLDSA65_CLEAN_polyz_unpack	8	static
crypto_sign/ml-dsa-65/clean/poly.c:456:6:PQCLEAN_MLDSA65_CLEAN_poly_uniform_gamma1	736	static
crypto_sign/ml-dsa-65/clean/poly.c:790:6:PQCLEAN_MLDSA65_CLEAN_polyw1_pack	8	static
