common/sha2.c:497:6:sha224_inc_init.part.0	16	static
common/sha2.c:132:15:crypto_hashblocks_sha256.isra	64	static
common/sha2.c:289:15:crypto_hashblocks_sha512.isra	144	static
common/sha2.c:497:6:sha224_inc_init	16	static
common/sha2.c:510:6:sha256_inc_init	16	static
common/sha2.c:523:6:sha384_inc_init	16	static
common/sha2.c:536:6:sha512_inc_init	16	static
common/sha2.c:549:6:sha224_inc_ctx_clone	32	static
common/sha2.c:557:6:sha256_inc_ctx_clone	32	static
common/sha2.c:565:6:sha384_inc_ctx_clone	32	static
common/sha2.c:573:6:sha512_inc_ctx_clone	32	static
common/sha2.c:582:6:sha224_inc_ctx_release	8	static
common/sha2.c:587:6:sha256_inc_ctx_release	8	static
common/sha2.c:592:6:sha384_inc_ctx_release	8	static
common/sha2.c:597:6:sha512_inc_ctx_release	8	static
common/sha2.c:601:6:sha256_inc_blocks	32	static
common/sha2.c:610:6:sha224_inc_blocks	32	static
common/sha2.c:614:6:sha512_inc_blocks	32	static
common/sha2.c:623:6:sha384_inc_blocks	32	static
common/sha2.c:627:6:sha256_inc_finalize	192	static
common/sha2.c:675:6:sha224_inc_finalize	64	static
common/sha2.c:684:6:sha512_inc_finalize	320	static
common/sha2.c:734:6:sha384_inc_finalize	96	static
common/sha2.c:743:6:sha224	96	static
common/sha2.c:750:6:sha256	48	static
common/sha2.c:757:6:sha384	128	static
common/sha2.c:764:6:sha512	48	static
