common/aes.c:68:13:br_aes_ct64_bitslice_Sbox	56	static
common/aes.c:242:13:br_aes_ct64_ortho	40	static
common/aes.c:473:13:aes_ecb4x.constprop	288	static
common/aes.c:473:13:aes_ecb4x.constprop	288	static
common/aes.c:473:13:aes_ecb4x.constprop	288	static
common/aes.c:559:6:aes128_ecb_keyexp	592	static
common/aes.c:571:6:aes128_ctr_keyexp	8	static
common/aes.c:575:6:aes192_ecb_keyexp	624	static
common/aes.c:586:6:aes192_ctr_keyexp	8	static
common/aes.c:590:6:aes256_ecb_keyexp	656	static
common/aes.c:601:6:aes256_ctr_keyexp	8	static
common/aes.c:605:6:aes128_ecb	224	static
common/aes.c:609:6:aes128_ctr	240	static
common/aes.c:613:6:aes192_ecb	224	static
common/aes.c:617:6:aes192_ctr	240	static
common/aes.c:621:6:aes256_ecb	224	static
common/aes.c:625:6:aes256_ctr	240	static
common/aes.c:629:6:aes128_ctx_release	8	static
common/aes.c:633:6:aes192_ctx_release	8	static
common/aes.c:637:6:aes256_ctx_release	8	static
