common/aes.c:34:24:br_dec32le	16	static
common/aes.c:41:13:br_range_dec32le	48	static
common/aes.c:48:24:br_swap32	16	static
common/aes.c:54:20:br_enc32le	16	static
common/aes.c:61:13:br_range_enc32le	40	static
common/aes.c:68:13:br_aes_ct64_bitslice_Sbox	896	static
common/aes.c:242:13:br_aes_ct64_ortho	96	static
common/aes.c:271:13:br_aes_ct64_interleave_in	16	static
common/aes.c:298:13:br_aes_ct64_interleave_out	16	static
common/aes.c:323:17:sub_word	112	static
common/aes.c:334:13:br_aes_ct64_keysched	400	static
common/aes.c:383:13:br_aes_ct64_skey_expand	16	static
common/aes.c:405:20:add_round_key	16	static
common/aes.c:416:20:shift_rows	16	static
common/aes.c:433:24:rotr32	16	static
common/aes.c:437:20:mix_columns	160	static
common/aes.c:468:13:inc4_be	40	static
common/aes.c:473:13:aes_ecb4x	208	static
common/aes.c:502:13:aes_ctr4x	48	static
common/aes.c:512:13:aes_ecb	208	static
common/aes.c:531:13:aes_ctr	224	static
common/aes.c:559:6:aes128_ecb_keyexp	224	static
common/aes.c:571:6:aes128_ctr_keyexp	32	static
common/aes.c:575:6:aes192_ecb_keyexp	256	static
common/aes.c:586:6:aes192_ctr_keyexp	32	static
common/aes.c:590:6:aes256_ecb_keyexp	288	static
common/aes.c:601:6:aes256_ctr_keyexp	32	static
common/aes.c:605:6:aes128_ecb	48	static
common/aes.c:609:6:aes128_ctr	48	static
common/aes.c:613:6:aes192_ecb	48	static
common/aes.c:617:6:aes192_ctr	48	static
common/aes.c:621:6:aes256_ecb	48	static
common/aes.c:625:6:aes256_ctr	48	static
common/aes.c:629:6:aes128_ctx_release	32	static
common/aes.c:633:6:aes192_ctx_release	32	static
common/aes.c:637:6:aes256_ctx_release	32	static
